// Jest Snapshot v1, https://goo.gl/fbAQLP

exports[`Modal renders default 1`] = `<div />`;
