// Jest Snapshot v1, https://goo.gl/fbAQLP

exports[`ButtonOrLink renders default 1`] = `
<div>
  <button>
    link
  </button>
</div>
`;
