// Jest Snapshot v1, https://goo.gl/fbAQLP

exports[`PopularAuctions renders PopularAuctions 1`] = `
<div>
  <section
    class="popularAuctions container containerPadding"
  >
    <picture
      class="image"
      style="opacity: 0; transform: translateX(0px) translateY(50px) translateZ(0);"
    >
      <img
        alt=""
        data-nimg="fill"
        decoding="async"
        sizes="(max-width: 768px) 100vw, 50vw"
        src="/_next/image?url=https%3A%2F%2Fres.cloudinary.com%2Fdvmll0ruo%2Fimage%2Fupload%2Fc_scale%2Cw_1000%2Fv1657121559%2FNFPAISANOS%2Fimg_125_mrxfbh.png&w=3840&q=75"
        srcset="/_next/image?url=https%3A%2F%2Fres.cloudinary.com%2Fdvmll0ruo%2Fimage%2Fupload%2Fc_scale%2Cw_1000%2Fv1657121559%2FNFPAISANOS%2Fimg_125_mrxfbh.png&w=384&q=75 384w, /_next/image?url=https%3A%2F%2Fres.cloudinary.com%2Fdvmll0ruo%2Fimage%2Fupload%2Fc_scale%2Cw_1000%2Fv1657121559%2FNFPAISANOS%2Fimg_125_mrxfbh.png&w=640&q=75 640w, /_next/image?url=https%3A%2F%2Fres.cloudinary.com%2Fdvmll0ruo%2Fimage%2Fupload%2Fc_scale%2Cw_1000%2Fv1657121559%2FNFPAISANOS%2Fimg_125_mrxfbh.png&w=750&q=75 750w, /_next/image?url=https%3A%2F%2Fres.cloudinary.com%2Fdvmll0ruo%2Fimage%2Fupload%2Fc_scale%2Cw_1000%2Fv1657121559%2FNFPAISANOS%2Fimg_125_mrxfbh.png&w=828&q=75 828w, /_next/image?url=https%3A%2F%2Fres.cloudinary.com%2Fdvmll0ruo%2Fimage%2Fupload%2Fc_scale%2Cw_1000%2Fv1657121559%2FNFPAISANOS%2Fimg_125_mrxfbh.png&w=1080&q=75 1080w, /_next/image?url=https%3A%2F%2Fres.cloudinary.com%2Fdvmll0ruo%2Fimage%2Fupload%2Fc_scale%2Cw_1000%2Fv1657121559%2FNFPAISANOS%2Fimg_125_mrxfbh.png&w=1200&q=75 1200w, /_next/image?url=https%3A%2F%2Fres.cloudinary.com%2Fdvmll0ruo%2Fimage%2Fupload%2Fc_scale%2Cw_1000%2Fv1657121559%2FNFPAISANOS%2Fimg_125_mrxfbh.png&w=1920&q=75 1920w, /_next/image?url=https%3A%2F%2Fres.cloudinary.com%2Fdvmll0ruo%2Fimage%2Fupload%2Fc_scale%2Cw_1000%2Fv1657121559%2FNFPAISANOS%2Fimg_125_mrxfbh.png&w=2048&q=75 2048w, /_next/image?url=https%3A%2F%2Fres.cloudinary.com%2Fdvmll0ruo%2Fimage%2Fupload%2Fc_scale%2Cw_1000%2Fv1657121559%2FNFPAISANOS%2Fimg_125_mrxfbh.png&w=3840&q=75 3840w"
        style="position: absolute; height: 100%; width: 100%; left: 0px; top: 0px; right: 0px; bottom: 0px; object-fit: cover; color: transparent;"
      />
    </picture>
    <div
      class="auctionData"
      style="opacity: 0; transform: translateX(0px) translateY(50px) translateZ(0);"
    >
      <div>
        <h3
          class="heading 6xl title"
        >
          The 
          Medina
           Network Â®
        </h3>
        <div
          class="authorAndPrice"
        >
          <div
            class="box"
          >
            <picture
              class="avatar base"
            >
              <img
                alt="Fernando Medina"
                data-nimg="1"
                decoding="async"
                height="36"
                loading="lazy"
                sizes="100vw"
                src="/_next/image?url=https%3A%2F%2Fres.cloudinary.com%2Fdvmll0ruo%2Fimage%2Fupload%2Fv1657153929%2FNFPAISANOS%2F07_xrihyb.png&w=3840&q=75"
                srcset="/_next/image?url=https%3A%2F%2Fres.cloudinary.com%2Fdvmll0ruo%2Fimage%2Fupload%2Fv1657153929%2FNFPAISANOS%2F07_xrihyb.png&w=640&q=75 640w, /_next/image?url=https%3A%2F%2Fres.cloudinary.com%2Fdvmll0ruo%2Fimage%2Fupload%2Fv1657153929%2FNFPAISANOS%2F07_xrihyb.png&w=750&q=75 750w, /_next/image?url=https%3A%2F%2Fres.cloudinary.com%2Fdvmll0ruo%2Fimage%2Fupload%2Fv1657153929%2FNFPAISANOS%2F07_xrihyb.png&w=828&q=75 828w, /_next/image?url=https%3A%2F%2Fres.cloudinary.com%2Fdvmll0ruo%2Fimage%2Fupload%2Fv1657153929%2FNFPAISANOS%2F07_xrihyb.png&w=1080&q=75 1080w, /_next/image?url=https%3A%2F%2Fres.cloudinary.com%2Fdvmll0ruo%2Fimage%2Fupload%2Fv1657153929%2FNFPAISANOS%2F07_xrihyb.png&w=1200&q=75 1200w, /_next/image?url=https%3A%2F%2Fres.cloudinary.com%2Fdvmll0ruo%2Fimage%2Fupload%2Fv1657153929%2FNFPAISANOS%2F07_xrihyb.png&w=1920&q=75 1920w, /_next/image?url=https%3A%2F%2Fres.cloudinary.com%2Fdvmll0ruo%2Fimage%2Fupload%2Fv1657153929%2FNFPAISANOS%2F07_xrihyb.png&w=2048&q=75 2048w, /_next/image?url=https%3A%2F%2Fres.cloudinary.com%2Fdvmll0ruo%2Fimage%2Fupload%2Fv1657153929%2FNFPAISANOS%2F07_xrihyb.png&w=3840&q=75 3840w"
                style="color: transparent;"
                width="36"
              />
            </picture>
            <div
              class="boxData"
            >
              <div
                class="topTitle"
              >
                Creator
              </div>
              <h4
                class="heading sm bottomTitle"
              >
                Fernando Medina
              </h4>
            </div>
          </div>
          <div
            class="box"
          >
            <button
              class="button icon base priceIcon"
              title="Buy now"
            >
              <div />
            </button>
            <div
              class="boxData"
            >
              <div
                class="topTitle"
              >
                Instant price
              </div>
              <h4
                class="heading sm bottomTitle"
              >
                4.45 ETH
              </h4>
            </div>
          </div>
        </div>
      </div>
      <div
        class="auctionStatus"
      >
        <div>
          <div
            class="auctionStatusTitle"
          >
            Current Bid
          </div>
          <h4
            class="heading 5xl"
          >
            0.010 ETH
          </h4>
          <div
            class="skeleton"
          />
        </div>
        <div>
          <div
            class="auctionStatusTitle"
          >
            Auction ending in
          </div>
          <div
            class="timer"
          >
            <div
              class="time"
            >
              <div
                class="timeValue"
              >
                00
              </div>
              <div
                class="timeUnit"
              >
                Hrs
              </div>
            </div>
            <div
              class="time"
            >
              <div
                class="timeValue"
              >
                00
              </div>
              <div
                class="timeUnit"
              >
                mins
              </div>
            </div>
            <div
              class="time"
            >
              <div
                class="timeValue"
              >
                00
              </div>
              <div
                class="timeUnit"
              >
                secs
              </div>
            </div>
          </div>
        </div>
      </div>
      <div
        class="auctionButtons"
      >
        <button
          class="button accent base"
        >
          Place a bid
        </button>
        <button
          class="button primary base"
        >
          View item
        </button>
      </div>
      <div
        class="navigation"
      >
        <button
          class="button icon base arrow disabled"
          title="Previous Auction"
        >
          <div />
        </button>
        <button
          class="button icon base arrow"
          title="Next Auction"
        >
          <div />
        </button>
      </div>
    </div>
  </section>
</div>
`;
