// Jest Snapshot v1, https://goo.gl/fbAQLP

exports[`Link renders default 1`] = `
<div>
  <a
    class="link"
    href="href"
  >
    Link
  </a>
</div>
`;
