// Jest Snapshot v1, https://goo.gl/fbAQLP

exports[`ToggleButtonGroup renders default 1`] = `
<div>
  <div
    class="toggleButtonGroup"
    id="headlessui-radiogroup-:r0:"
    role="radiogroup"
  >
    ToggleButtonGroup
  </div>
</div>
`;
