// Jest Snapshot v1, https://goo.gl/fbAQLP

exports[`Avatar renders default 1`] = `
<div>
  <picture
    class="avatar base"
  >
    <img
      alt=""
      data-nimg="1"
      decoding="async"
      height="36"
      loading="lazy"
      sizes="100vw"
      src="/_next/image?url=https%3A%2F%2Fres.cloudinary.com%2Fdvmll0ruo%2Fimage%2Fupload%2Fv1657153929%2FNFPAISANOS%2F07_xrihyb.png&w=3840&q=75"
      srcset="/_next/image?url=https%3A%2F%2Fres.cloudinary.com%2Fdvmll0ruo%2Fimage%2Fupload%2Fv1657153929%2FNFPAISANOS%2F07_xrihyb.png&w=640&q=75 640w, /_next/image?url=https%3A%2F%2Fres.cloudinary.com%2Fdvmll0ruo%2Fimage%2Fupload%2Fv1657153929%2FNFPAISANOS%2F07_xrihyb.png&w=750&q=75 750w, /_next/image?url=https%3A%2F%2Fres.cloudinary.com%2Fdvmll0ruo%2Fimage%2Fupload%2Fv1657153929%2FNFPAISANOS%2F07_xrihyb.png&w=828&q=75 828w, /_next/image?url=https%3A%2F%2Fres.cloudinary.com%2Fdvmll0ruo%2Fimage%2Fupload%2Fv1657153929%2FNFPAISANOS%2F07_xrihyb.png&w=1080&q=75 1080w, /_next/image?url=https%3A%2F%2Fres.cloudinary.com%2Fdvmll0ruo%2Fimage%2Fupload%2Fv1657153929%2FNFPAISANOS%2F07_xrihyb.png&w=1200&q=75 1200w, /_next/image?url=https%3A%2F%2Fres.cloudinary.com%2Fdvmll0ruo%2Fimage%2Fupload%2Fv1657153929%2FNFPAISANOS%2F07_xrihyb.png&w=1920&q=75 1920w, /_next/image?url=https%3A%2F%2Fres.cloudinary.com%2Fdvmll0ruo%2Fimage%2Fupload%2Fv1657153929%2FNFPAISANOS%2F07_xrihyb.png&w=2048&q=75 2048w, /_next/image?url=https%3A%2F%2Fres.cloudinary.com%2Fdvmll0ruo%2Fimage%2Fupload%2Fv1657153929%2FNFPAISANOS%2F07_xrihyb.png&w=3840&q=75 3840w"
      style="color: transparent;"
      width="36"
    />
  </picture>
</div>
`;

exports[`Avatar renders small 1`] = `
<div>
  <picture
    class="avatar small"
  >
    <img
      alt=""
      data-nimg="1"
      decoding="async"
      height="20"
      loading="lazy"
      sizes="100vw"
      src="/_next/image?url=https%3A%2F%2Fres.cloudinary.com%2Fdvmll0ruo%2Fimage%2Fupload%2Fv1657153929%2FNFPAISANOS%2F07_xrihyb.png&w=3840&q=75"
      srcset="/_next/image?url=https%3A%2F%2Fres.cloudinary.com%2Fdvmll0ruo%2Fimage%2Fupload%2Fv1657153929%2FNFPAISANOS%2F07_xrihyb.png&w=640&q=75 640w, /_next/image?url=https%3A%2F%2Fres.cloudinary.com%2Fdvmll0ruo%2Fimage%2Fupload%2Fv1657153929%2FNFPAISANOS%2F07_xrihyb.png&w=750&q=75 750w, /_next/image?url=https%3A%2F%2Fres.cloudinary.com%2Fdvmll0ruo%2Fimage%2Fupload%2Fv1657153929%2FNFPAISANOS%2F07_xrihyb.png&w=828&q=75 828w, /_next/image?url=https%3A%2F%2Fres.cloudinary.com%2Fdvmll0ruo%2Fimage%2Fupload%2Fv1657153929%2FNFPAISANOS%2F07_xrihyb.png&w=1080&q=75 1080w, /_next/image?url=https%3A%2F%2Fres.cloudinary.com%2Fdvmll0ruo%2Fimage%2Fupload%2Fv1657153929%2FNFPAISANOS%2F07_xrihyb.png&w=1200&q=75 1200w, /_next/image?url=https%3A%2F%2Fres.cloudinary.com%2Fdvmll0ruo%2Fimage%2Fupload%2Fv1657153929%2FNFPAISANOS%2F07_xrihyb.png&w=1920&q=75 1920w, /_next/image?url=https%3A%2F%2Fres.cloudinary.com%2Fdvmll0ruo%2Fimage%2Fupload%2Fv1657153929%2FNFPAISANOS%2F07_xrihyb.png&w=2048&q=75 2048w, /_next/image?url=https%3A%2F%2Fres.cloudinary.com%2Fdvmll0ruo%2Fimage%2Fupload%2Fv1657153929%2FNFPAISANOS%2F07_xrihyb.png&w=3840&q=75 3840w"
      style="color: transparent;"
      width="20"
    />
  </picture>
</div>
`;

exports[`Avatar renders with custom class 1`] = `
<div>
  <picture
    class="avatar base custom-class"
  >
    <img
      alt=""
      data-nimg="1"
      decoding="async"
      height="36"
      loading="lazy"
      sizes="100vw"
      src="/_next/image?url=https%3A%2F%2Fres.cloudinary.com%2Fdvmll0ruo%2Fimage%2Fupload%2Fv1657153929%2FNFPAISANOS%2F07_xrihyb.png&w=3840&q=75"
      srcset="/_next/image?url=https%3A%2F%2Fres.cloudinary.com%2Fdvmll0ruo%2Fimage%2Fupload%2Fv1657153929%2FNFPAISANOS%2F07_xrihyb.png&w=640&q=75 640w, /_next/image?url=https%3A%2F%2Fres.cloudinary.com%2Fdvmll0ruo%2Fimage%2Fupload%2Fv1657153929%2FNFPAISANOS%2F07_xrihyb.png&w=750&q=75 750w, /_next/image?url=https%3A%2F%2Fres.cloudinary.com%2Fdvmll0ruo%2Fimage%2Fupload%2Fv1657153929%2FNFPAISANOS%2F07_xrihyb.png&w=828&q=75 828w, /_next/image?url=https%3A%2F%2Fres.cloudinary.com%2Fdvmll0ruo%2Fimage%2Fupload%2Fv1657153929%2FNFPAISANOS%2F07_xrihyb.png&w=1080&q=75 1080w, /_next/image?url=https%3A%2F%2Fres.cloudinary.com%2Fdvmll0ruo%2Fimage%2Fupload%2Fv1657153929%2FNFPAISANOS%2F07_xrihyb.png&w=1200&q=75 1200w, /_next/image?url=https%3A%2F%2Fres.cloudinary.com%2Fdvmll0ruo%2Fimage%2Fupload%2Fv1657153929%2FNFPAISANOS%2F07_xrihyb.png&w=1920&q=75 1920w, /_next/image?url=https%3A%2F%2Fres.cloudinary.com%2Fdvmll0ruo%2Fimage%2Fupload%2Fv1657153929%2FNFPAISANOS%2F07_xrihyb.png&w=2048&q=75 2048w, /_next/image?url=https%3A%2F%2Fres.cloudinary.com%2Fdvmll0ruo%2Fimage%2Fupload%2Fv1657153929%2FNFPAISANOS%2F07_xrihyb.png&w=3840&q=75 3840w"
      style="color: transparent;"
      width="36"
    />
  </picture>
</div>
`;
